******************************************************************************
                  MSP430 Linker PC v4.1.1                      
******************************************************************************
>> Linked Sun Oct 07 14:19:24 2012

OUTPUT FILE NAME:   <EmbeddedSystems.out>
ENTRY POINT SYMBOL: "_c_int00"  address: 0000d0f6


MEMORY CONFIGURATION

         name            origin    length      used     unused   attr    fill
----------------------  --------  ---------  --------  --------  ----  --------
  SFR                   00000000   00000010  00000000  00000010  RWIX
  PERIPHERALS_8BIT      00000010   000000f0  00000000  000000f0  RWIX
  PERIPHERALS_16BIT     00000100   00000100  00000000  00000100  RWIX
  RAM                   00000200   00000200  00000142  000000be  RWIX
  INFOD                 00001000   00000040  00000000  00000040  RWIX
  INFOC                 00001040   00000040  00000000  00000040  RWIX
  INFOB                 00001080   00000040  00000000  00000040  RWIX
  INFOA                 000010c0   00000040  00000000  00000040  RWIX
  FLASH                 0000c000   00003fe0  00001a0c  000025d4  RWIX
  INT00                 0000ffe0   00000002  00000000  00000002  RWIX
  INT01                 0000ffe2   00000002  00000000  00000002  RWIX
  INT02                 0000ffe4   00000002  00000002  00000000  RWIX
  INT03                 0000ffe6   00000002  00000002  00000000  RWIX
  INT04                 0000ffe8   00000002  00000000  00000002  RWIX
  INT05                 0000ffea   00000002  00000002  00000000  RWIX
  INT06                 0000ffec   00000002  00000002  00000000  RWIX
  INT07                 0000ffee   00000002  00000002  00000000  RWIX
  INT08                 0000fff0   00000002  00000002  00000000  RWIX
  INT09                 0000fff2   00000002  00000002  00000000  RWIX
  INT10                 0000fff4   00000002  00000002  00000000  RWIX
  INT11                 0000fff6   00000002  00000002  00000000  RWIX
  INT12                 0000fff8   00000002  00000002  00000000  RWIX
  INT13                 0000fffa   00000002  00000002  00000000  RWIX
  INT14                 0000fffc   00000002  00000002  00000000  RWIX
  RESET                 0000fffe   00000002  00000002  00000000  RWIX


SECTION ALLOCATION MAP

 output                                  attributes/
section   page    origin      length       input sections
--------  ----  ----------  ----------   ----------------
.init_array 
*          0    0000c000    00000000     UNINITIALIZED

.bss       0    00000200    000000b0     UNINITIALIZED
                  00000200    00000072     parser.obj (.bss)
                  00000272    0000003e     timer.obj (.bss)

.TI.noinit 
*          0    00000200    00000000     UNINITIALIZED

.data      0    000002b0    00000042     
                  000002b0    00000028     uart.obj (.data:UART_buffer)
                  000002d8    00000009     timer.obj (.data)
                  000002e1    00000001     --HOLE--
                  000002e2    00000008     adc.obj (.data)
                  000002ea    00000003     uart.obj (.data)
                  000002ed    00000001     --HOLE--
                  000002ee    00000002     parser.obj (.data)
                  000002f0    00000002     rts430_eabi.lib : strtok.obj (.data)

.TI.persistent 
*          0    000002b0    00000000     UNINITIALIZED

.stack     0    000003b0    00000050     UNINITIALIZED
                  000003b0    00000002     rts430_eabi.lib : boot.obj (.stack)
                  000003b2    0000004e     --HOLE--

.text      0    0000c000    000012bc     
                  0000c000    000001cc     adc.obj (.text:adcExec)
                  0000c1cc    00000116     rts430_eabi.lib : _printfi_min.obj (.text:_setfield)
                  0000c2e2    000000fa     parser.obj (.text:parser)
                  0000c3dc    000000f4     parser.obj (.text:parser_timer)
                  0000c4d0    000000ca     rts430_eabi.lib : _printfi_min.obj (.text:_printfi_minimal)
                  0000c59a    00000088     parser.obj (.text:parser_help)
                  0000c622    00000070     help.obj (.text:helpExec)
                  0000c692    0000006a     rts430_eabi.lib : atol.obj (.text:atol)
                  0000c6fc    0000005e                     : copy_decompress_rle.obj (.text:__TI_decompress_rle_core)
                  0000c75a    0000005e                     : autoinit.obj (.text:_auto_init)
                  0000c7b8    0000005a     timer.obj (.text:timer_fire)
                  0000c812    00000058     uart.obj (.text:UART_init)
                  0000c86a    00000058     parser.obj (.text:parser_adc)
                  0000c8c2    00000058     rts430_eabi.lib : div32u.obj (.text)
                  0000c91a    00000056                     : _printfi_min.obj (.text:_ltostr)
                  0000c970    00000054     parser.obj (.text:ParseCmd)
                  0000c9c4    00000054     rts430_eabi.lib : atoi.obj (.text:atoi)
                  0000ca18    0000004e                     : _printfi_min.obj (.text:_pproc_diouxp)
                  0000ca66    0000004e     parser.obj (.text:copyTokenStruct)
                  0000cab4    0000004c     rts430_eabi.lib : lsr16.obj (.text)
                  0000cb00    0000004c                     : strtok.obj (.text:strtok)
                  0000cb4c    00000048     uart.obj (.text:UART_read)
                  0000cb94    00000046     rts430_eabi.lib : _printfi_min.obj (.text:_pproc_str)
                  0000cbda    00000042     main.obj (.text:main)
                  0000cc1c    00000040     rts430_eabi.lib : div32s.obj (.text)
                  0000cc5c    0000003e     uart.obj (.text:Watchdog)
                  0000cc9a    0000003c     parser.obj (.text:init_TokenStruct)
                  0000ccd6    0000003a     parser.obj (.text:init_PipedStruct)
                  0000cd10    00000038     rts430_eabi.lib : sprintf.obj (.text:sprintf)
                  0000cd48    00000036     adc.obj (.text:adc_init)
                  0000cd7e    00000032     adc.obj (.text:displayBits)
                  0000cdb0    00000030     parser.obj (.text:SaveNext_Token)
                  0000cde0    00000030     uart.obj (.text:UART_printPrompt)
                  0000ce10    0000002e     parser.obj (.text:SaveNext_Pipe)
                  0000ce3e    0000002e     rts430_eabi.lib : _printfi_min.obj (.text:_getarg_diouxp)
                  0000ce6c    0000002e                     : strcspn.obj (.text:strcspn)
                  0000ce9a    0000002c                     : lsl16.obj (.text)
                  0000cec6    0000002a     uart.obj (.text:Port1)
                  0000cef0    0000002a     timer.obj (.text:TIMER_A0)
                  0000cf1a    00000028     rts430_eabi.lib : memccpy.obj (.text:memccpy)
                  0000cf42    00000028                     : strspn.obj (.text:strspn)
                  0000cf6a    00000026     isr_hdl.obj (.text:COMPARATORA_ISR)
                  0000cf90    00000026     isr_hdl.obj (.text:NMI_ISR)
                  0000cfb6    00000026     isr_hdl.obj (.text:PORT2_ISR)
                  0000cfdc    00000026     isr_hdl.obj (.text:TIMER0_A1_ISR)
                  0000d002    00000026     isr_hdl.obj (.text:TIMER1_A1_ISR)
                  0000d028    00000026     isr_hdl.obj (.text:USCIAB0TX_ISR)
                  0000d04e    00000026     rts430_eabi.lib : mult32.obj (.text)
                  0000d074    00000026     timer.obj (.text:timer_setMode)
                  0000d09a    00000022     uart.obj (.text:USCI0RX_ISR)
                  0000d0bc    0000001e     uart.obj (.text:UART_ClearBuff)
                  0000d0da    0000001c     uart.obj (.text:UART_write)
                  0000d0f6    0000001a     rts430_eabi.lib : boot.obj (.text:_c_int00_noexit)
                  0000d110    0000001a                     : sprintf.obj (.text:_outs)
                  0000d12a    00000018                     : _printfi_min.obj (.text:_div)
                  0000d142    00000018                     : strcmp.obj (.text:strcmp)
                  0000d15a    00000016                     : div16u.obj (.text)
                  0000d170    00000016                     : strcpy.obj (.text:strcpy)
                  0000d186    00000014     timer.obj (.text:TimerExec)
                  0000d19a    00000014     rts430_eabi.lib : copy_zero_init.obj (.text:decompress:ZI:__TI_zero_init)
                  0000d1ae    00000014     parser.obj (.text:eventHandler)
                  0000d1c2    00000014     rts430_eabi.lib : memset.obj (.text:memset)
                  0000d1d6    00000014                     : mult16.obj (.text)
                  0000d1ea    00000012                     : sprintf.obj (.text:_outc)
                  0000d1fc    00000012     adc.obj (.text:adc_read)
                  0000d20e    00000012     rts430_eabi.lib : copy_decompress_none.obj (.text:decompress:none:__TI_decompress_none)
                  0000d220    00000012                     : memcpy.obj (.text:memcpy)
                  0000d232    00000012                     : strlen.obj (.text:strlen)
                  0000d244    00000012     timer.obj (.text:timer_setInterval)
                  0000d256    00000012     timer.obj (.text:timer_stop)
                  0000d268    00000010     timer.obj (.text:TimerEventHandler)
                  0000d278    00000010     rts430_eabi.lib : epilog.obj (.text)
                  0000d288    0000000c     adc.obj (.text:TIMER_A1)
                  0000d294    0000000c     uart.obj (.text:UART_SendByte)
                  0000d2a0    00000008     timer.obj (.text:timer_start)
                  0000d2a8    00000006     adc.obj (.text:ADC10_ISR)
                  0000d2ae    00000006     rts430_eabi.lib : copy_decompress_rle.obj (.text:decompress:rle24:__TI_decompress_rle24)
                  0000d2b4    00000004                     : pre_init.obj (.text:_system_pre_init)
                  0000d2b8    00000004                     : exit.obj (.text:abort)

.const     0    0000d2bc    0000072a     
                  0000d2bc    00000306     help.obj (.const:.string)
                  0000d5c2    0000017e     parser.obj (.const:.string)
                  0000d740    00000101     rts430_eabi.lib : ctype.obj (.const:.string:_ctypes_)
                  0000d841    00000001     --HOLE-- [fill = 0]
                  0000d842    0000009a     isr_hdl.obj (.const:.string)
                  0000d8dc    0000007e     uart.obj (.const:.string)
                  0000d95a    00000052     adc.obj (.const:.string)
                  0000d9ac    00000024     timer.obj (.const:.string)
                  0000d9d0    00000014     rts430_eabi.lib : _printfi_min.obj (.const:.string)
                  0000d9e4    00000002     adc.obj (.const)

.cinit     0    0000d9e6    00000026     
                  0000d9e6    00000013     (.cinit..data.load) [load image, compression = rle]
                  0000d9f9    00000001     --HOLE-- [fill = 0]
                  0000d9fa    00000006     (__TI_handler_table)
                  0000da00    00000004     (.cinit..bss.load) [load image, compression = zero_init]
                  0000da04    00000008     (__TI_cinit_table)

PORT1      0    0000ffe4    00000002     
                  0000ffe4    00000002     uart.obj (.int02)

PORT2      0    0000ffe6    00000002     
                  0000ffe6    00000002     isr_hdl.obj (.int03)

ADC10      0    0000ffea    00000002     
                  0000ffea    00000002     adc.obj (.int05)

USCIAB0TX 
*          0    0000ffec    00000002     
                  0000ffec    00000002     isr_hdl.obj (.int06)

USCIAB0RX 
*          0    0000ffee    00000002     
                  0000ffee    00000002     uart.obj (.int07)

TIMER0_A1 
*          0    0000fff0    00000002     
                  0000fff0    00000002     isr_hdl.obj (.int08)

TIMER0_A0 
*          0    0000fff2    00000002     
                  0000fff2    00000002     timer.obj (.int09)

WDT        0    0000fff4    00000002     
                  0000fff4    00000002     uart.obj (.int10)

COMPARATORA 
*          0    0000fff6    00000002     
                  0000fff6    00000002     isr_hdl.obj (.int11)

TIMER1_A1 
*          0    0000fff8    00000002     
                  0000fff8    00000002     isr_hdl.obj (.int12)

TIMER1_A0 
*          0    0000fffa    00000002     
                  0000fffa    00000002     adc.obj (.int13)

NMI        0    0000fffc    00000002     
                  0000fffc    00000002     isr_hdl.obj (.int14)

.reset     0    0000fffe    00000002     
                  0000fffe    00000002     rts430_eabi.lib : boot.obj (.reset)


LINKER GENERATED COPY TABLES

__TI_cinit_table @ 0000da04 records: 2, size/record: 4, table size: 8
	.data: load addr=0000d9e6, load size=00000013 bytes, run addr=000002b0, run size=00000042 bytes, compression=rle
	.bss: load addr=0000da00, load size=00000004 bytes, run addr=00000200, run size=000000b0 bytes, compression=zero_init


LINKER GENERATED HANDLER TABLE

__TI_handler_table @ 0000d9fa records: 3, size/record: 2, table size: 6
	index: 0, handler: __TI_zero_init
	index: 1, handler: __TI_decompress_rle24
	index: 2, handler: __TI_decompress_none


GLOBAL SYMBOLS: SORTED ALPHABETICALLY BY Name 

address    name
--------   ----
0000004a   ADC10AE0
000001b0   ADC10CTL0
000001b2   ADC10CTL1
00000048   ADC10DTC0
00000049   ADC10DTC1
000001b4   ADC10MEM
000001bc   ADC10SA
0000d2a8   ADC10_ISR
00000057   BCSCTL1
00000058   BCSCTL2
00000053   BCSCTL3
000002ec   BLINK_CUR_last
0000d2b8   C$$EXIT
00000059   CACTL1
0000005a   CACTL2
000010fb   CALBC1_12MHZ
000010f9   CALBC1_16MHZ
000010ff   CALBC1_1MHZ
000010fd   CALBC1_8MHZ
000010fa   CALDCO_12MHZ
000010f8   CALDCO_16MHZ
000010fe   CALDCO_1MHZ
000010fc   CALDCO_8MHZ
0000005b   CAPD
0000cf6a   COMPARATORA_ISR
000002eb   CallParserFlag
00000234   CmdStruct
00000056   DCOCTL
00000128   FCTL1
0000012a   FCTL2
0000012c   FCTL3
00000000   IE1
00000001   IE2
00000002   IFG1
00000003   IFG2
00000200   InitialParse
0000cf90   NMI_ISR
00000022   P1DIR
00000025   P1IE
00000024   P1IES
00000023   P1IFG
00000020   P1IN
00000021   P1OUT
00000027   P1REN
00000026   P1SEL
00000041   P1SEL2
0000002a   P2DIR
0000002d   P2IE
0000002c   P2IES
0000002b   P2IFG
00000028   P2IN
00000029   P2OUT
0000002f   P2REN
0000002e   P2SEL
00000042   P2SEL2
0000001a   P3DIR
00000018   P3IN
00000019   P3OUT
00000010   P3REN
0000001b   P3SEL
00000043   P3SEL2
0000cfb6   PORT2_ISR
0000c970   ParseCmd
0000cec6   Port1
0000ce10   SaveNext_Pipe
0000cdb0   SaveNext_Token
00000172   TA0CCR0
00000174   TA0CCR1
00000176   TA0CCR2
00000162   TA0CCTL0
00000164   TA0CCTL1
00000166   TA0CCTL2
00000160   TA0CTL
0000012e   TA0IV
00000170   TA0R
00000192   TA1CCR0
00000194   TA1CCR1
00000196   TA1CCR2
00000182   TA1CCTL0
00000184   TA1CCTL1
00000186   TA1CCTL2
00000180   TA1CTL
0000011e   TA1IV
00000190   TA1R
0000cfdc   TIMER0_A1_ISR
0000d002   TIMER1_A1_ISR
0000cef0   TIMER_A0
0000d288   TIMER_A1
00000272   TempTimerCmd
000002e0   TimerEvent
0000d268   TimerEventHandler
0000d186   TimerExec
0000d0bc   UART_ClearBuff
0000d294   UART_SendByte
000002b0   UART_buffer
000002ea   UART_counter
0000c812   UART_init
0000cde0   UART_printPrompt
0000cb4c   UART_read
0000d0da   UART_write
0000005d   UCA0ABCTL
00000062   UCA0BR0
00000063   UCA0BR1
00000060   UCA0CTL0
00000061   UCA0CTL1
0000005f   UCA0IRRCTL
0000005e   UCA0IRTCTL
00000064   UCA0MCTL
00000066   UCA0RXBUF
00000065   UCA0STAT
00000067   UCA0TXBUF
0000006a   UCB0BR0
0000006b   UCB0BR1
00000068   UCB0CTL0
00000069   UCB0CTL1
0000006c   UCB0I2CIE
00000118   UCB0I2COA
0000011a   UCB0I2CSA
0000006e   UCB0RXBUF
0000006d   UCB0STAT
0000006f   UCB0TXBUF
0000d09a   USCI0RX_ISR
0000d028   USCIAB0TX_ISR
00000120   WDTCTL
0000cc5c   Watchdog
00000400   __STACK_END
00000050   __STACK_SIZE
0000da04   __TI_CINIT_Base
0000da0c   __TI_CINIT_Limit
0000d9fa   __TI_Handler_Table_Base
0000da00   __TI_Handler_Table_Limit
UNDEFED    __TI_INITARRAY_Base
UNDEFED    __TI_INITARRAY_Limit
00000001   __TI_args_main
0000d20e   __TI_decompress_none
0000d2ae   __TI_decompress_rle24
00000001   __TI_exit
0000d19a   __TI_zero_init
ffffffff   __binit__
ffffffff   __c_args__
0000cc1c   __mspabi_divli
0000d15a   __mspabi_divu
0000c8c2   __mspabi_divul
0000d284   __mspabi_func_epilog_1
0000d282   __mspabi_func_epilog_2
0000d280   __mspabi_func_epilog_3
0000d27e   __mspabi_func_epilog_4
0000d27c   __mspabi_func_epilog_5
0000d27a   __mspabi_func_epilog_6
0000d278   __mspabi_func_epilog_7
0000d1d6   __mspabi_mpyi
0000d04e   __mspabi_mpyl
0000cc1c   __mspabi_remli
0000d15a   __mspabi_remu
0000c8c2   __mspabi_remul
0000ce9a   __mspabi_slli
0000cec2   __mspabi_slli_1
0000ceb0   __mspabi_slli_10
0000ceae   __mspabi_slli_11
0000ceac   __mspabi_slli_12
0000ceaa   __mspabi_slli_13
0000cea8   __mspabi_slli_14
0000cea6   __mspabi_slli_15
0000cec0   __mspabi_slli_2
0000cebe   __mspabi_slli_3
0000cebc   __mspabi_slli_4
0000ceba   __mspabi_slli_5
0000ceb8   __mspabi_slli_6
0000ceb6   __mspabi_slli_7
0000ceb4   __mspabi_slli_8
0000ceb2   __mspabi_slli_9
0000cab4   __mspabi_srli
0000cafa   __mspabi_srli_1
0000cad6   __mspabi_srli_10
0000cad2   __mspabi_srli_11
0000cace   __mspabi_srli_12
0000caca   __mspabi_srli_13
0000cac6   __mspabi_srli_14
0000cac2   __mspabi_srli_15
0000caf6   __mspabi_srli_2
0000caf2   __mspabi_srli_3
0000caee   __mspabi_srli_4
0000caea   __mspabi_srli_5
0000cae6   __mspabi_srli_6
0000cae2   __mspabi_srli_7
0000cade   __mspabi_srli_8
0000cada   __mspabi_srli_9
0000c75a   _auto_init
0000d0f6   _c_int00
0000d0f6   _c_int00_noexit
0000d740   _ctypes_
0000c4d0   _printfi_minimal
0000fffe   _reset_vector
000003b0   _stack
0000d2b4   _system_pre_init
0000d2b8   abort
0000c000   adcExec
0000cd48   adc_init
0000d1fc   adc_read
0000c9c4   atoi
0000c692   atol
ffffffff   binit
0000ca66   copyTokenStruct
0000cd7e   displayBits
0000d1ae   eventHandler
000002de   function
0000c622   helpExec
0000ccd6   init_PipedStruct
0000cc9a   init_TokenStruct
0000cbda   main
0000cf1a   memccpy
0000d220   memcpy
0000d1c2   memset
0000c2e2   parser
000002ee   parserCall
0000c86a   parser_adc
0000c59a   parser_help
0000c3dc   parser_timer
0000cd10   sprintf
0000d142   strcmp
0000d170   strcpy
0000ce6c   strcspn
0000d232   strlen
0000cf42   strspn
0000cb00   strtok
0000c7b8   timer_fire
0000d244   timer_setInterval
0000d074   timer_setMode
0000d2a0   timer_start
0000d256   timer_stop


GLOBAL SYMBOLS: SORTED BY Symbol Address 

address    name
--------   ----
00000000   IE1
00000001   IE2
00000001   __TI_args_main
00000001   __TI_exit
00000002   IFG1
00000003   IFG2
00000010   P3REN
00000018   P3IN
00000019   P3OUT
0000001a   P3DIR
0000001b   P3SEL
00000020   P1IN
00000021   P1OUT
00000022   P1DIR
00000023   P1IFG
00000024   P1IES
00000025   P1IE
00000026   P1SEL
00000027   P1REN
00000028   P2IN
00000029   P2OUT
0000002a   P2DIR
0000002b   P2IFG
0000002c   P2IES
0000002d   P2IE
0000002e   P2SEL
0000002f   P2REN
00000041   P1SEL2
00000042   P2SEL2
00000043   P3SEL2
00000048   ADC10DTC0
00000049   ADC10DTC1
0000004a   ADC10AE0
00000050   __STACK_SIZE
00000053   BCSCTL3
00000056   DCOCTL
00000057   BCSCTL1
00000058   BCSCTL2
00000059   CACTL1
0000005a   CACTL2
0000005b   CAPD
0000005d   UCA0ABCTL
0000005e   UCA0IRTCTL
0000005f   UCA0IRRCTL
00000060   UCA0CTL0
00000061   UCA0CTL1
00000062   UCA0BR0
00000063   UCA0BR1
00000064   UCA0MCTL
00000065   UCA0STAT
00000066   UCA0RXBUF
00000067   UCA0TXBUF
00000068   UCB0CTL0
00000069   UCB0CTL1
0000006a   UCB0BR0
0000006b   UCB0BR1
0000006c   UCB0I2CIE
0000006d   UCB0STAT
0000006e   UCB0RXBUF
0000006f   UCB0TXBUF
00000118   UCB0I2COA
0000011a   UCB0I2CSA
0000011e   TA1IV
00000120   WDTCTL
00000128   FCTL1
0000012a   FCTL2
0000012c   FCTL3
0000012e   TA0IV
00000160   TA0CTL
00000162   TA0CCTL0
00000164   TA0CCTL1
00000166   TA0CCTL2
00000170   TA0R
00000172   TA0CCR0
00000174   TA0CCR1
00000176   TA0CCR2
00000180   TA1CTL
00000182   TA1CCTL0
00000184   TA1CCTL1
00000186   TA1CCTL2
00000190   TA1R
00000192   TA1CCR0
00000194   TA1CCR1
00000196   TA1CCR2
000001b0   ADC10CTL0
000001b2   ADC10CTL1
000001b4   ADC10MEM
000001bc   ADC10SA
00000200   InitialParse
00000234   CmdStruct
00000272   TempTimerCmd
000002b0   UART_buffer
000002de   function
000002e0   TimerEvent
000002ea   UART_counter
000002eb   CallParserFlag
000002ec   BLINK_CUR_last
000002ee   parserCall
000003b0   _stack
00000400   __STACK_END
000010f8   CALDCO_16MHZ
000010f9   CALBC1_16MHZ
000010fa   CALDCO_12MHZ
000010fb   CALBC1_12MHZ
000010fc   CALDCO_8MHZ
000010fd   CALBC1_8MHZ
000010fe   CALDCO_1MHZ
000010ff   CALBC1_1MHZ
0000c000   adcExec
0000c2e2   parser
0000c3dc   parser_timer
0000c4d0   _printfi_minimal
0000c59a   parser_help
0000c622   helpExec
0000c692   atol
0000c75a   _auto_init
0000c7b8   timer_fire
0000c812   UART_init
0000c86a   parser_adc
0000c8c2   __mspabi_divul
0000c8c2   __mspabi_remul
0000c970   ParseCmd
0000c9c4   atoi
0000ca66   copyTokenStruct
0000cab4   __mspabi_srli
0000cac2   __mspabi_srli_15
0000cac6   __mspabi_srli_14
0000caca   __mspabi_srli_13
0000cace   __mspabi_srli_12
0000cad2   __mspabi_srli_11
0000cad6   __mspabi_srli_10
0000cada   __mspabi_srli_9
0000cade   __mspabi_srli_8
0000cae2   __mspabi_srli_7
0000cae6   __mspabi_srli_6
0000caea   __mspabi_srli_5
0000caee   __mspabi_srli_4
0000caf2   __mspabi_srli_3
0000caf6   __mspabi_srli_2
0000cafa   __mspabi_srli_1
0000cb00   strtok
0000cb4c   UART_read
0000cbda   main
0000cc1c   __mspabi_divli
0000cc1c   __mspabi_remli
0000cc5c   Watchdog
0000cc9a   init_TokenStruct
0000ccd6   init_PipedStruct
0000cd10   sprintf
0000cd48   adc_init
0000cd7e   displayBits
0000cdb0   SaveNext_Token
0000cde0   UART_printPrompt
0000ce10   SaveNext_Pipe
0000ce6c   strcspn
0000ce9a   __mspabi_slli
0000cea6   __mspabi_slli_15
0000cea8   __mspabi_slli_14
0000ceaa   __mspabi_slli_13
0000ceac   __mspabi_slli_12
0000ceae   __mspabi_slli_11
0000ceb0   __mspabi_slli_10
0000ceb2   __mspabi_slli_9
0000ceb4   __mspabi_slli_8
0000ceb6   __mspabi_slli_7
0000ceb8   __mspabi_slli_6
0000ceba   __mspabi_slli_5
0000cebc   __mspabi_slli_4
0000cebe   __mspabi_slli_3
0000cec0   __mspabi_slli_2
0000cec2   __mspabi_slli_1
0000cec6   Port1
0000cef0   TIMER_A0
0000cf1a   memccpy
0000cf42   strspn
0000cf6a   COMPARATORA_ISR
0000cf90   NMI_ISR
0000cfb6   PORT2_ISR
0000cfdc   TIMER0_A1_ISR
0000d002   TIMER1_A1_ISR
0000d028   USCIAB0TX_ISR
0000d04e   __mspabi_mpyl
0000d074   timer_setMode
0000d09a   USCI0RX_ISR
0000d0bc   UART_ClearBuff
0000d0da   UART_write
0000d0f6   _c_int00
0000d0f6   _c_int00_noexit
0000d142   strcmp
0000d15a   __mspabi_divu
0000d15a   __mspabi_remu
0000d170   strcpy
0000d186   TimerExec
0000d19a   __TI_zero_init
0000d1ae   eventHandler
0000d1c2   memset
0000d1d6   __mspabi_mpyi
0000d1fc   adc_read
0000d20e   __TI_decompress_none
0000d220   memcpy
0000d232   strlen
0000d244   timer_setInterval
0000d256   timer_stop
0000d268   TimerEventHandler
0000d278   __mspabi_func_epilog_7
0000d27a   __mspabi_func_epilog_6
0000d27c   __mspabi_func_epilog_5
0000d27e   __mspabi_func_epilog_4
0000d280   __mspabi_func_epilog_3
0000d282   __mspabi_func_epilog_2
0000d284   __mspabi_func_epilog_1
0000d288   TIMER_A1
0000d294   UART_SendByte
0000d2a0   timer_start
0000d2a8   ADC10_ISR
0000d2ae   __TI_decompress_rle24
0000d2b4   _system_pre_init
0000d2b8   C$$EXIT
0000d2b8   abort
0000d740   _ctypes_
0000d9fa   __TI_Handler_Table_Base
0000da00   __TI_Handler_Table_Limit
0000da04   __TI_CINIT_Base
0000da0c   __TI_CINIT_Limit
0000fffe   _reset_vector
ffffffff   __binit__
ffffffff   __c_args__
ffffffff   binit
UNDEFED    __TI_INITARRAY_Base
UNDEFED    __TI_INITARRAY_Limit

[230 symbols]
